// Jest Snapshot v1, https://goo.gl/fbAQLP

exports[`tests for <ModalHeader /> should match SnapShot 1`] = `
ShallowWrapper {
  Symbol(enzyme.__root__): [Circular],
  Symbol(enzyme.__unrendered__): <ModalHeader
    ariaLabel={null}
    ariaLevel={null}
    className=""
    closeBtnProps={null}
    headerLabel=""
    id="test"
    message=""
    role={null}
    showCloseButton={true}
  />,
  Symbol(enzyme.__renderer__): Object {
    "batchedUpdates": [Function],
    "checkPropTypes": [Function],
    "getNode": [Function],
    "render": [Function],
    "simulateError": [Function],
    "simulateEvent": [Function],
    "unmount": [Function],
  },
  Symbol(enzyme.__node__): Object {
    "instance": null,
    "key": undefined,
    "nodeType": "host",
    "props": Object {
      "children": Array [
        Array [
          <span
            aria-label={null}
            aria-level={null}
            className="md-modal__title"
            role={null}
          >
            
          </span>,
          "",
        ],
        <CloseIcon
          className="md-modal__close"
          onClick={[Function]}
        />,
      ],
      "className": "md-modal__header",
      "id": "test",
    },
    "ref": null,
    "rendered": Array [
      Object {
        "instance": null,
        "key": "title-0",
        "nodeType": "host",
        "props": Object {
          "aria-label": null,
          "aria-level": null,
          "children": "",
          "className": "md-modal__title",
          "role": null,
        },
        "ref": null,
        "rendered": "",
        "type": "span",
      },
      "",
      Object {
        "instance": null,
        "key": undefined,
        "nodeType": "function",
        "props": Object {
          "className": "md-modal__close",
          "onClick": [Function],
        },
        "ref": null,
        "rendered": null,
        "type": [Function],
      },
    ],
    "type": "div",
  },
  Symbol(enzyme.__nodes__): Array [
    Object {
      "instance": null,
      "key": undefined,
      "nodeType": "host",
      "props": Object {
        "children": Array [
          Array [
            <span
              aria-label={null}
              aria-level={null}
              className="md-modal__title"
              role={null}
            >
              
            </span>,
            "",
          ],
          <CloseIcon
            className="md-modal__close"
            onClick={[Function]}
          />,
        ],
        "className": "md-modal__header",
        "id": "test",
      },
      "ref": null,
      "rendered": Array [
        Object {
          "instance": null,
          "key": "title-0",
          "nodeType": "host",
          "props": Object {
            "aria-label": null,
            "aria-level": null,
            "children": "",
            "className": "md-modal__title",
            "role": null,
          },
          "ref": null,
          "rendered": "",
          "type": "span",
        },
        "",
        Object {
          "instance": null,
          "key": undefined,
          "nodeType": "function",
          "props": Object {
            "className": "md-modal__close",
            "onClick": [Function],
          },
          "ref": null,
          "rendered": null,
          "type": [Function],
        },
      ],
      "type": "div",
    },
  ],
  Symbol(enzyme.__options__): Object {
    "adapter": ReactSixteenAdapter {
      "options": Object {
        "enableComponentDidUpdateOnSetState": true,
        "legacyContextMode": "parent",
        "lifecycles": Object {
          "componentDidUpdate": Object {
            "onSetState": true,
          },
          "getChildContext": Object {
            "calledByRenderer": false,
          },
          "getDerivedStateFromError": true,
          "getDerivedStateFromProps": Object {
            "hasShouldComponentUpdateBug": false,
          },
          "getSnapshotBeforeUpdate": true,
          "setState": Object {
            "skipsComponentDidUpdateOnNullish": true,
          },
        },
      },
    },
    Symbol(enzyme.__providerValues__): undefined,
  },
  Symbol(enzyme.__providerValues__): Map {},
  Symbol(enzyme.__childContext__): null,
}
`;
